// Jest Snapshot v1, https://goo.gl/fbAQLP

exports[`PDF exporter tests export only a layer 1`] = `"Rk9FJSUKMDExNTMKZmVyeHRyYXRzCj4+UiAwIDEgb2ZuSS8KUiAwIDkgdG9vUi8KMDEgZXppUy88PApyZWxpYXJ0CiBuIDAwMDAwIDM2MDUzMDAwMDAKIG4gMDAwMDAgODAwNTMwMDAwMAogbiAwMDAwMCAzNzU0MzAwMDAwCiBuIDAwMDAwIDg0MjQzMDAwMDAKIG4gMDAwMDAgODAyNDMwMDAwMAogbiAwMDAwMCA3MjMwMDAwMDAwCiBuIDAwMDAwIDA5MjAwMDAwMDAKIG4gMDAwMDAgNTc3NDMwMDAwMAogbiAwMDAwMCA1MTAwMDAwMDAwCiBmIDUzNTU2IDAwMDAwMDAwMDAKMDEgMApmZXJ4Cmpib2RuZQo+PlIgMCA4IHNlZ2FQLwpnb2xhdGFDLyBlcHlULzw8CmpibyAwIDkKamJvZG5lCj4+XVIgMCAyWyBzZGlLLwoxIHRudW9DLwpzZWdhUC8gZXB5VC88PApqYm8gMCA4Cmpib2RuZQo+PlIgMCA4IHRuZXJhUC8KMCBzdG5lcmFQdGN1cnRTLwpSIDAgNyBzdG5ldG5vQy8KXTk5OTcwLjg3NCA2OTk3MC4wNDYgMCAwWyB4b0JhaWRlTS8KPj4+PlIgMCA2IDZYLzw8IHRjZWpiT1gvCj4+UiAwIDUgNUcvClIgMCAzIDNHLzw8IGV0YXRTR3R4RS8KXUllZ2FtSS8gQ2VnYW1JLyBCZWdhbUkvIHR4ZVQvIEZEUC9bIHRlU2NvclAvPDwgc2VjcnVvc2VSLwplZ2FQLyBlcHlULzw8CmpibyAwIDIKamJvZG5lCm1hZXJ0c2RuZQrKLFwuAHxA5/uKzpYCn1PjlxRmAeOqtKthf9cHBu0FOqiP7IPfnBepDMs1+Ox0MYI5OtYOsZpMyEP8Pg2nCuXDSqSZZsgt8lVRdxBeHcv4a5RtXcT9La7MGNikhvCQzAhmHjayYP/54qVei9o2tbC9N2XrJuzBakV8+0QMQQIKsY1lnHgKbWFlcnRzID4+MjMxIGh0Z25lTC8KZWRvY2VEZXRhbEYvIHJldGxpRi88PApqYm8gMCA3Cmpib2RuZQptYWVydHNkbmUKClEKb0QgNFgvCnNnIDNHLwptYyAzMTMzLjY3OTEgNzgzMjM3NzMuMSA0ODMzLjU3OTEtIDAgMCAxNjU5LjM1NjIKcQptYWVydHMgPj43NiBodGduZUwvCj4+ZXVydCBJLwp5Y25lcmFwc25hclQvIFMvCnB1b3JHLyBlcHlULzw8IHB1b3JHLwpdMDg5MSA5NTYyIDAgMFsgeG9CQi8KPj4+PlIgMCA0IDRYLzw8IHRjZWpiT1gvCj4+UiAwIDMgM0cvPDwgZXRhdFNHdHhFLwpdSWVnYW1JLyBDZWdhbUkvIEJlZ2FtSS8gdHhlVC8gRkRQL1sgdGVTY29yUC88PCBzZWNydW9zZVIvCm1yb0YvIGVweXRidVMvCnRjZWpiT1gvIGVweVQvPDwKamJvIDAgNgpqYm9kbmUKPj5sYW1yb04vIE1CLwo4OTIuIGFjLzw8CmpibyAwIDUKamJvZG5lCm1hZXJ0c2RuZQrZ/wEAAAAAAAAAAAAAAAAAAAAAAAAAAAAAAAAAAAAAAAAAAAAAAAAAAAAAAAAAAAAAAAAAAAAAAAAAAAAAAAAAAAAAAAAAAAAAAAAAAAAAAAAAAAAAAAAAAAAAAAAAAAAAAAAAAAAAAAAAAAAAAAAAAAAAAAAAAAAAVADaFAAgAUcAAAAAAAAAAAAAAAAAAAAAAAAAAAAAAAAAAAAAAAAAAAAAAAAAAAAAAAAAAAAAAAAAAAAAAAAAAAAAAAAAAAAAgByA/u7jAAAAAAAAAF5JyM6Omay28p6pRctgKzFb++pKnChPhfc03WaV+eR2E4jMj93aKopZxxtxWlGx18NPp1eJx3UZGTxf9RjF0XvS0a5NgvBTLZql+7l2pzZGAo4bxY9Nporb4TmSwi0cSt1VzC4PJX67psXgXWng8IhcCcR3ikl/ZBz9PC9fxb5UNE4GI4ZjGIbjxYHjpggAAAAAAAAAAAAAAAAAAAAAAAAAAAAAAAAAAAAAAAAAAAAAAAAAAAAAAJAD0N99HAAAAAAAAAAAAAAAAAAAAAAAAAAAAAAAAAAAABlryC80xWJh393rdaq/5vNxHZ25NILEqaeevB5CDChJ52TKsEY3NU2ihV2J5dsuitR3/eIaQRAfQR5rObjoa6cxK+nGinzPyW8k6n7LPUUqtWi1um81RXVcCxp9r7vAL6fVq4WOV3Kae1APujT2Ly3tuG6D+qlph5P7LLd1P0mbbFvlUT6wd382ucbwmVl8deMyU0SPUaHepz/0kfr0j51xV70hLkdOzzSn8eXTpB6Vryvt6ixLzNY0vOfZrU5P5hoB/nkdAAAAAAAAAAAAAAAAAAAAAAAAAAAAAAAAAAAAAAAAAABmQHWA6mEAAAAAAAAAyAHo7z4OAAAAAAAAAAAAAAAAAAAAAAAAAAAAAAAAAACAt51HUGbn+nTQs3sTUahX8hE87+MHo9a3R+XTm/vcYKM7tzY6dRmjpE3zpbc2U2gMOfPzU1uJd1PlmAhbmnexrWH573ZYbcb7TpSHj+zgE0q92pCNIvBa0uybfBt167AA/39uxXg0yJRGjkjak6sUkwsDnaqqySkO8zCbiFXpv30g135S29qDZ3axydUcBkRqX2/KMaHu/s7fnZKvqBlav50eI/EVZ25F9ZaCTXVjeGF+bmYqCw/82oL8OHMHfgAAAAAAAAAAAAAAAAAAAAAAAAAAAAAAAAAAAAAAEsBmt2G2tQJVtEjI/YjEsYcA4QatNKca7an4Is/HiPxJtNyK2n8a2ZNl5/fLjW9t5Y+pIz9RP2QO+0jiyI2123DjBJwjyBGVcuSItlfuu1nYiOnFMjw/K2mTSzpvFJwIe8ozhBoZdaYhnUlT5F0Rn7v21B+Y5BgB6dBHAAAAAAAAAAAAAAAAAAAAAAAAAAAAAAAAAAAAAAAAAABU8IRPD0dOVo4r8O8yawD/9sebfGSegpPkINQmJ1hVPrqZIzeYLKcnKjVpZL7DSpI0gr85k1jSmHUhvBGRTgI/PCqbHW/u9wnjru8gXi7KEypPFJSJpJ71T+nNt3Fkeduad1fJt8S8w8l9ObcmeDSq5ERlioRQIBZfkAOuVNPlHJcc/mczsTQ9r48ktj/S2JNt7Lv7rBRfP0ydv7tKvgZNGzYA/8YsIH/cGu+/3akhdWCYrgiFVykgX3XYn4EDAAAAAAAAAAAAAAAAAAAAAAAAAAAAAAAAAABwARIebQLmhWrBMpHV0kBHMl87rMTdGX/hzDPFDqJ6w7tlI9upLbENZ8XMfY3PHyvKd9VfXqqjQIhpJ5eK8qLC2xvGMzsierlnuH77AZ4kiFwbWpGPKILlf57npDgn1kP4RT6WI+H6D+KMnFGUB7eOJe5x/Omwvx7W8RQoUpQ9MvrE8dRnJ1Iee4Ty7aWwljTdlq+BcyYKMD/LT/2v3VENsmMio2c8iQD/+cePsUeaNzzjL7B61KxOb+96hzNxAcrICDN5Da9SeUR1uwTirRPndeRRMQCvUgAAAAAAAAAAAAAAAAAAAMgB6O8+DgAAAAAAAAAAAAAAAADAtscBk7WPwb/L1D+M9/hI/Phg1Vo7qjLWzf00uKUa/lXuaySJ05bmlnhUyZ5WF3SJ5VLJOoofY0NELQob0cjxaOCI4yQjUhM8qZuMo1T1dUc+irlydHjbmXdnnnNT3ZH4mZ+sk5FlL3fwFEmpGvebmdOXl0Qu+YX6x91ZO0vT8/pA6J9460TxvMlRRF6HPBdhEcI6k52/tNffvsJ1o/1Z4jFizO/i5N+qmPoA/1e7hV9bQL7qsD8DBwAAAAAAAAAAAAAAAAAAAAAAAAAAAAAAAAAA4KrQKjzqlHdm5pdzeK79c3YDR5NAbwgcdzwYNlCmZQFfama7c3uEto1e7xmO45Frv8PujgqlN1IR4BlPsKrEaUmxCp85QRzWxkbqG/zxCBmRUC+fGc3SVho1Anmek+IgZ6OrSnMXZpMFgrn1qC2quKPq5kiMq0ypNuI6meYQVhj4ojDRmzph7Sgecb292B6SFlNXXhXC75Z0PP5zMp44CgvaKcGZUsmjhlI9T95APRp+bd14V7NOWI8fFjmeLc9zhTRiOfFBt8LFaSZtqhpDZ9ePYY/nDYx7omKkQx+BVykAAAAAAAAAAAAAAAAAAADkAPR3HwcAAAAAAAAAAAAAAAAAINnWOMIjKFn7Cdy7O5PvlPEhH8HbcPug1nrYqZXxbuapDrPQVo3TVDrsiG6LW8l9DkfSJl9FlxuVV0xYbytfrnIxNsw7U/zwplcDOvWRlzNKHib7AP+JbQ9160BRTrKqu4sHe4lHlbu1efabi0p3rcTno4LPHRx4HEdbwtWhK1WKqQupJc1c8gv1krtnM2Wm6X19IE0O3vUR5LTlNOcv9QD//afyX/htWB2XiZWIMb+rk3+rdup/Xg0Kv7aAfNVhfwYOAAAAAAAAAAAAAAAAAAAAAAAAAAAAAAAAAABAQnqN8EhihsTYr8wtPL/Txtir4jj10xxXb/VXfaXIsl2WdwbN1hKHjt4vjZ7k7MieKpWZorLx+AC/4nm8FPxwVPLqhyce5iXZmdlFX8PaA0+s/RLMhaltuhORO4fnzZHnDY16bewqYwpXeVS2+JFJIzpp/PWpAc4GubxI2alVIWn8A+3HQlglBV3eBNoibUgA/3eevLCQRd42plnZuLb8sfZVtPaYjdYyfvwwvqUuOpFhNX3jFt6o3PxJAxE1o+0d2vPXmdcpyBM3oPhmrCbSAWtIJK3Zs7QFIB7WOzpRpcriOhDHP4kuWR17Dh4AAAAAAAAAAAAAAAAAAAAAAAAAAAAAIAegv/s4AAAAAABc3M82PEo5yIczT1KyvJsfD5el9opdi3NccAT3/jj8WuO88ll229VcVl6t/E7XDBroqIdx+hsXBbduIX0nzt7JyR4WhkeyG5VvpFFFCNOiPYEXZyXeU8R+aUtMW1WTg1HMgfkJAvt8s6SDJ683KU8rn5K/zpQ84cs7vgD/NBimmXncrXCsMx6xn3m7Y35inThRDu2oMM5tdCrHnx9fClZEqxsjbSqqqi0+OTvvNO1hZW3w0aY+oDGvJFIODXool0J+4rwoWWNaUagHzaDl649pniaNGyJHR4XHiDF/i4N/2KkWjY7zilDYbxvIVx32Z+AAAAAAAAAAAAAAAAAAAAAAAAAAAAAAAAAAAKCwH1Je/Rypa44I2vJ34hYirl7QAfw3nvoOHSKnnNIdGXup4PJ0PRxboLqrzaPlMbdMy4bjXx86WXtLd2g3lCpjlU59W/i1hc9MLhCeAP+Uv9nvl2Qj8gob4oc9D8Ps8cNU2yQA/3dzJNa3H+c8ciW9u11qLL1pzzqI4Gb0NcujZPF/iygew2yU4sSjBHvhOdOhrbqNIDCeXkVk4EE/D89bKH02jAD/CChzN7IzuZO1MzJTTFWcZ0ZN3636VXdPMLToE5k/uF9C7UdJUo6kISUHDQSIOasEWeSNomEEP47wN8noWsrfUvDziBWqShhCVaqmYMB26SR12HniJ1GSh8U6AAAAAAAAAAAAAAAAAAAAAAAAAAAAAEAOQH/3cQAAAAAAwP2QSgf5cOaJRKaeP3N7XuJTzC69PXAMr/XRONbOC27Kn7qRZ3070pUHLt9kt42ah3jWTvj3KZ57sZilf+GBI/GIuwD/QfjfnM396V5JNb3efe1qY7Za7uPlPctJ/DgIH4+pndscFtNv9np8vvHn2qukW7KPdpPbU6l2OgtqG19PWR+V+BVX3Hk1fF811irpH7jM4/Pox90vAjmjxFHS5kYcV7xxztWymZbTua1OVCVklqqN2NS9AP/t5I+i1NOru2n6bP2aD9R3rIGDHOvELe6s3V8PSe6FRnb05BJhB96oTamhiip5evRt+dNV1J9NTQPzt0L7X3ujhuo/WxkKID/O3IEfAAAAAAAAAAAAAAAAAAAAAAAAAAAAAAAAAEDVYvbw6VNe/Rzyn12+zSSJWykVw6s3a2BiaA9bw2Kb/N7PxQD//Q1pEcJSYfuQ2plK7mkb/a1yzC/3ZNoM4D+rSXc28jGsLTTy698C0wSRkPPBZmOKs4E+QvKxhXmu39DI/PNXrdaoUd1uE4qPbGEHgpB5udRGrshHWG+PkQclPBnBZWibcJzo56xu0/Y6PKj6Z2PIvtO4I7qE6wOPfYfhh/Zcus1jd3gGtcldFSvG9FiBetRVnZ8xAIZTCftU7nFnseOIBElAJ1TqMBKCa2uUq7xrMQaQH2fuwA8AAAAAAAAAAAAAAAC4XID378/jueM0j3HHcRzru1mO325NjnLOaipR9YoRxShYTcmWpgcF6OkB0cERBAmeQDsONJzMPaKbyx2WXBx30xE5Sw3q2+oODWYVr0vd6Ue/1mLsAPRhGPGeuSgZGYdXbGQJ4jik1cOJrjCCR11T+6lJriEtqw9o0abeuYDYf+R2EjXX51ssy9zyYKqpqaRy1ki4kp5HAP+KCvNnVgv2TH4q2AJSH0ZCmQdPECRxkgRhIRmRkeOQGJ+u0Y1YirLE9tO4Jt3aROkt0KagF/A9eIz4NsLuLAShcsfacVouk9FfzbcE5l4rD+WzVhKjDt/LPZLicpRM8qKAzE/kdpy+QUjjRWKP39xKk3VncZNAR5ULCZCmXH37ebY16ysPNKGANvrs4J5bI0oCJ0koQRzHWWFMPiJhSULzynQqMmtLbNtyoUvr11NAeePJdeJEJ47o78SpfuMLa6GZDFgSlVbUlf7UqVsPkrSruQcEZ8NJdBLtOMBHc4vcHC93WFJOd7O1tnKqVMlQEAPG9a5sLSlIx/amUQtow3GsNDDcHAEAAAAAQIGEWl41e4RHgheW5/Rt1Dov126mUqshjtJv+0B9JUmSpvQGx7BaWlxEMBBa095naqbarYRHLYSfqWYRZWa+1VfwTR+IjyA+3HM7JCWhcr+/4723pw7Pz9Hbb7ntpcoRRYUuZt39nWirid6MGvnquN7qKh+ff759YuWO8dLDn7BaXUAvbhShTMcWp7jrzi1a4MWHuzPRrRrMzKytv7QSx3/HeRzk5TjJSLjoGRm5RJdbHVM7GObnMFXm+bcQi5wOLeJRD280VZcvXJmvx/F0flw70SJ2z/yI7XkYhkrJxSpfbxtRreZ0bAeG196P6dcc+cNJh5hPVR22fkzimiOG/IkrrIFmP8hVJSqX+uivfQsAAP8cAQAAAAAAAAAAAAAAAAAAhAsw/nw+ErfjrGA1tLhDHGW6EN7o0YsaLOnc1rSgBk09IDrzwoE729tzy/14ucOSgx2edLBcVfXGUAgdhgzcPJ9CdGklxg4gn7kIkdvaccrSksRpEjixhU/FjlctiQ6aDvdhXJGIRu3pdQGxAP/IzUrIXJ5v+X0c5b106/jH5Xd+S9xHUZI3Q97k+S57yTahFpD4xCMBP/AkhCDW0ay1sITksEgqhR9dYj5FKtIGEDbrR52qQujUrr4XEDzze954K5rvEGVv7TiOSbYEZE1S2p/ekzd31rbX0AQV52Kpy0aynEMBmY9AO87cE5L2i0BzI+dUnhQ5YnI3+KkvkwVXSlXVg+q1Qkst161EAZ57zlYe2DqOHxhOYDYpiXacGG7I2URtTkiHWobTpt6tyqBfBajUCtXwgOOIddK5M3LBJIe1uhpf2cOGMqc1Ux/LakSFKtLC3SlD4Rp7APizMy8dR8eO8etoRJnjix2WlMfZBInkHfUmxu5QpUWN606HZjRrWQq1gOrEOXK1kCo86pRXP0fqx9aiJn9Zr37VHf6UQcUQfW3up7dz8X9BB3S13e02uSfx4bWf32rp2Ig2DsfQKLeS3BuFelN5Ex2sAP8/7KfLG7boR1z+52F1/sHLs37o91J5V1zk0Hgsf9O0FfZ1532qg+tRPUttonQyeoaN3O8ZSmJcuAna7yY6PvPH0DqBeWjH8c+3Zyks29ZaI9WZXOrgSssWrDfDatB5fup7jTyqxMpxrBPlsa9DHlTJjMuf0AOCJz5cWylBnrbDseIoozgCJt/hG1YhqacOww4/MjCc0nGdFgDDcNMYAQAAAAAAAAAAAAAAAJsZACORP0FYeqRR7FQ7K0dZ0yOFYDy4ulcctasyI3dnIgNlwPbk8Y7zCPwhNYfFGmGU8olmDjx6SXyIdJRjiFGSCwFKkqSbcwD/vuxZeblpfQ94ME8a/utW9CgmPTTNpFwuTdXXQjnQBfXKBSgydw/GyL6ruUpEOSIvIPFOdHBouRn7aX/ccSkuiSbd4qby9KpK1sk/lDi1mrI661S44nVkWRetEP1arwUgSOo/zygZIYno1TIet5qbrA87TpJycD9x/raOkqdRhXq1iAdcP4+X9iNO5klIomN8Ly6PbahsbXD6xClCwnWq0xzSv0rsxprLAgVcP/BJSZDPE5ErjvJntFpYsifJ6SFa309BYBX5VI8etKnK3oSUgfdl/dZtp7d4AY/jYN5V5SzjcmQm88b9Tah4/fhSPLeiftpGESAdwnrKb2tRr9WqxgIyv+djRBQawQ6LbbQW1haWnMV7DkaRAY1puqBLx7iT27tXc9UidGe/TFa2ArajOxsa4RuGjm489ubK/RyCLPuX9xSkiSRQlCauzjqsc96803tzqlCcGuD9SWC4WbkOAAAAAADoK3qCfNh76uAr7/a1293I83pq3eaRiP0noRH4GD5LacxOWeTbnWpy0e3k8PER7XZ5OpwNXnr43Ie4I/yJk7QePAVuy/lCFUGqUdqqpzYr0Vy3Tzu9/Uf5UU3zq7lK9/QuvsyPyy/33C2HDttbn2zyVkXFoGkup4gaXsuq1Kh+1ShEZq/JTWb64iH8U1Rxbfr79NNQP/qA/McdzDfe2mujQ6nsrqt7g1mP2QhmlWN0NU3qYct/23pyu8TMHH1vGE/8JDpBeqqCU3ojdS+r0sfVdryJNPyWazO8dNnpyy+OOeT+6Sp23j7BFW7xVlC3a9lvmzzqgvxHc8cIAAAAAAAAAAAAAAAAAAAgywA49Y8rwaNRj/WzUjWikMDYbg+uruQexsrKLPtEesmdGZAg/vHYcaxFmYeS3OmbbCViyGY9ivOIkKwV0yFAmgglKrOh7RzVlz+LL0tt/ADHJ+3+dk9aCl1LML6dRPW+vCdqS3CCC1Dluxtj5YMZddMQCsJfQOKtMS+3uM/9PO7OaiV7GlmOHK2ylCtJkyMRlDZFhuzUqpyrS2uZcNf6t2prsgAk2vWduRn753VcUTWqt5KKtQxYTcqhbkY1RoYqTq0uFW1hDwj+ebS0d5646Wa1RvBCdk89zqQcnFSh+qCK9GnCs3b1f9llrjLsxr7LOQtwoqGbac9OQq6nsWZyiH8iuhWJHWtGrFvJU6dENfoUZvEy5Y95Zk+aUMo9XIDtw8+Kb8fzVmVvLbeoZiu4G8u+fuQpT7f2FKZrBx8CjJZxtm4JGrWBe1FAfBxJfCgkCp6M1kCiNsTITeKJnpUaFXUfd8+vd91ctHlfZluVBnu7TAVs187Wzkb4duDjCZM/UP7lPj2p1CGitSpiduvRz81ZF+d8vz3JV6Zfq1EDtCfTqquKAN1VpBHD428WxBqGY5glepODV2veNrTTTm5rW+TYuPyOSG4NLs5bbeTDlhWfkghxDxHLfc1+c58mHYp/es09kru8VJtUZpHi3EPP3UrfbQ4SRo/tTq3KORSvoOxWcrVYCXKNI9SF6DY2bvc1LD8pc0d1t5caqwjQrCVPPoQ97duiSHbu+kTkTzLH/CZ/5L799U+gohWsLqfi1Z/GnSpWYL5znShv5u6qg3trC7HkOMrzF9XoxhXZI7NNhHeikyRJQGeoUt0bCM6pIUNBdfmyyKNiNJ7Dyslkel5OrLghLFbpwKsUAAAAAAAAAAAAAAAAALwDHO2N0iRtuAHFmVwg1ymEF5pzgysAfbY1CiHvvOQeiXT2RnQ3K4Ckk5r14fmWUXHo5DKPBxh3vAI8SVqQfcsZKbBGjzJZph4jEA0i9STugO+oj2olI78VGbVX2dwYkKoiDbqh1FjStuKdLsBva8fD0YkjQtBgMSea1eyxnJeJVjuOZGsoAtuQbV6QivTdu0YV4Hlr5IGjnyb3cxKE5AoUhlOUWjULWdGX0k3VDqsXFffgx7yzAAvwnsCOH8PNGuGRKSzpJvS6OZCqOA3dMUeVaVYL8gGZw/DnGxjkOMkdaSTnJIkaHp5ConYsC4mnUqdb/RiUAfK/zY4zT9gupNvHDlkfmFxScrSgWIo6Inzcq11zKPIubVn7+tSlcsxGC1fA50cDT/gWSbnrOXN4suSTE3mU46iYUwX6szsLts7bvEP9mCXmvvQaQH6cuQM/AAAAAACA1I4eyQuxfdROrdy5tI7Tl4uOcGIfCfDyTfIgseotbxTIzsVxLtR47Xlm2/fWeIvsufv7XVW9a6quI340g2/6uDYe5tjLLVd3igw1xpd6q0iztDs6PLRv5AYTY0Nn513lpvRlbI0z9ctrPp5o0dkbXNL36OUxxVGZAsT5BvLr2pL2FKsQs/1VWGrjFr5tq4lqFhvb+Nb5c8T+48NWCktuVukxbfRRmYblI3fZrzYPL+/bFOln0tl/pmr606tu/eE33uIj2mH3hO82axZI0ca8v7axEFztfjqwP1R1k/UaAP+/1z9FlYvARNtm5/TUrtziFAD/HDGSOB5uFNJcK+wMDwWb0H4iFaM7ndt5V4ICyH80d4wAAAAAAAAAAAAAAAAAAIDZAd9jpfHOIKmTc0IlCSthjfAKcNjWD+bDzT0i6didJXCDZ9FkUre6VIJ5HD30cB3JAzKPt3teBJ0gcS945YpHdFuMaFOl6iv44U+datJ3gOc3AP+PXJLkrcYSNqwS6plOpzrH07eXZSNlq6tyAX47PnRwuZFczWE/zh7LJEqIRU2Lc6uI+CzWtq9P9Xo3q10FxI5xJ0GuR3HLyfGcJBnJIktbaHInE7OiMbVrKswnpaj7EGR+WH4MiPb8u1mIHlnMinZAsVEHMjWn8JQ7NaZfFRgEZP7x2pXcSeZICmYfh8HlKSTqWCgli2RMs2oGkwHaEXZwl2gu81UZXJlcMjImjcwTjWD6uFZrsqjrti3iNjWtOEPml/1cQDTm1qL4gWuhPTxN2q0kJjBBWjCpcMuzQAvR4/1cs8rMHzNCXgPCxzEcB4fj2FG5DkCiiAiPyNjuaOcWtry3z67hJP7xE4fJFZQfe4x3xba75tTVVH/ZILtVLPpaYveYNoI7Ht3fOHGTIOF9Hid1jxrhOSltribHKvyU/pJabY03UxxSg25YLtFGoLJr0SdutzUaz2+HoaXj+OwfQ9EwO3d1gmWdqED35wjwTLVSsgR+HzEsb6V1F9rj1s7iSLd4h3fExdpwfFPAz6qYUdbFArNNJMFVcTA7JLdZ29N31Jcij4oBeJUCAAAAAAAAAAAAAAAAAAAAQK6AeP6HkYNfAaGtIWwTc9rRJEZShQYUqdridKIB3cqAzmd+3IFF14njUnK+2XyDEoeNbcynfXItuZ1hi7d2JV++3SlYk40pD+W4jgLQZ8fRjgD/8J3EiXVJJofhUpmf2YNmwmrFkXgbRWaNIPMqoaryC6AAp3/Eib5GS0ByJ0kzJqfRY0WjnoQbafPEu4YrvD3VGLQBRxbAVvhWnCMA/RoA/RpA2nGOAAAAAACA+5GBQT6cebK67NOrJgtvVfarWZwqXw7le4OC2Y9KsJJO9Ulq1BrY8lbv7Cpfvap2I3drIwatJtdGkvt4nlfB7YqqKbkKJgI4zyXdiYe6x7st+SNXzawOPHTTYXh+Jxk5TuIEB72dYI52dN2tlZz4OsvU8m47os8="`;

exports[`PDF exporter tests export simple 1`] = `"Rk9FJSUKODcwNTkKZmVyeHRyYXRzCj4+UiAwIDEgb2ZuSS8KUiAwIDUyIHRvb1IvCjYyIGV6aVMvPDwKcmVsaWFydAogbiAwMDAwMCA5MjA1OTAwMDAwCiBuIDAwMDAwIDM3OTQ5MDAwMDAKIG4gMDAwMDAgNjg3MTAwMDAwMAogbiAwMDAwMCAwMDcxMDAwMDAwCiBuIDAwMDAwIDkxNjEwMDAwMDAKIG4gMDAwMDAgMTQ1MTAwMDAwMAogbiAwMDAwMCAzNjQxMDAwMDAwCiBuIDAwMDAwIDI4MzEwMDAwMDAKIG4gMDAwMDAgNjkyMTAwMDAwMAogbiAwMDAwMCA1MTIxMDAwMDAwCiBuIDAwMDAwIDQzMTEwMDAwMDAKIG4gMDAwMDAgNjUwMTAwMDAwMAogbiAwMDAwMCA1NzkwMDAwMDAwCiBuIDAwMDAwIDc5ODAwMDAwMDAKIG4gMDAwMDAgMDE4MDAwMDAwMAogbiAwMDAwMCA0MjcwMDAwMDAwCiBuIDAwMDAwIDgzNjAwMDAwMDAKIG4gMDAwMDAgMTY1MDAwMDAwMAogbiAwMDAwMCAxMjUwMDAwMDAwCiBuIDAwMDAwIDE4NDAwMDAwMDAKIG4gMDAwMDAgNDA0MDAwMDAwMAogbiAwMDAwMCA3MjMwMDAwMDAwCiBuIDAwMDAwIDA5MjAwMDAwMDAKIG4gMDAwMDAgMzU1NDkwMDAwMAogbiAwMDAwMCA1MTAwMDAwMDAwCiBmIDUzNTU2IDAwMDAwMDAwMDAKNjIgMApmZXJ4Cmpib2RuZQo+PlIgMCA0MiBzZWdhUC8KZ29sYXRhQy8gZXB5VC88PApqYm8gMCA1MgpqYm9kbmUKPj5dUiAwIDJbIHNkaUsvCjEgdG51b0MvCnNlZ2FQLyBlcHlULzw8CmpibyAwIDQyCmpib2RuZQo+PlIgMCA0MiB0bmVyYVAvCjAgc3RuZXJhUHRjdXJ0Uy8KUiAwIDMyIHN0bmV0bm9DLwpdNjk5NTkuODMwMSA2OTk1OS42MjYxIDAgMFsgeG9CYWlkZU0vCj4+Pj5SIDAgMjIgMjJHLwpSIDAgMTIgMTJHLwpSIDAgMDIgMDJHLwpSIDAgOTEgOTFHLwpSIDAgODEgODFHLwpSIDAgNzEgNzFHLwpSIDAgNjEgNjFHLwpSIDAgNTEgNTFHLwpSIDAgNDEgNDFHLwpSIDAgMzEgMzFHLwpSIDAgMjEgMjFHLwpSIDAgMTEgMTFHLwpSIDAgMDEgMDFHLwpSIDAgOSA5Ry8KUiAwIDggOEcvClIgMCA3IDdHLwpSIDAgNiA2Ry8KUiAwIDUgNUcvClIgMCA0IDRHLwpSIDAgMyAzRy88PCBldGF0U0d0eEUvCl1JZWdhbUkvIENlZ2FtSS8gQmVnYW1JLyB0eGVULyBGRFAvWyB0ZVNjb3JQLzw8IHNlY3J1b3NlUi8KZWdhUC8gZXB5VC88PApqYm8gMCAyCmpib2RuZQptYWVydHNkbmUKOifKpF/6/7/GC76nc/rdr/ffl/saI6Xs1qOv7x/f0G/vjfQVr+vtOg+wG/P/ccs+P+N5+sX99AGWv4hfTrHU/49g5mfWR6f2rl476vS1t7QVP4w2Z8/uRP055HpADdp5/36adspMi+nrAfn6tDeEJqBKaA/P6dOZyyofzBYTP4/7dPyLgt28nJAt0n8+tKoxNrkEafqI01KpI37p3r4Y7+r056LOnn1TpB1jT854LM6+4BAiM6tiRr78ICO8u9Fp8F+tSzpyJWw7z9kc1qGevn56M3gWOtnLQDjKfeR8oxvaF1Fy4z5BQK3VeftoMfn/gYaf1pHTn8RbS/fnz1o47krP5W8ld8xfTf4dvLdDPrdf3x1n9dud/f1pu+Kt3/ygw/tW9ZACBsbPrI87nbjQM+UPGfxZ0ipHJ02jme9p6WdRP59esN+TYMpz8XU5QVmkH5GfnAuQ8bfvi7vgrvrG8zZnQF9vmColP969G9+u+rZPSUTjFp553G1NZ/ynxfDvM0nkWdd4bTPl8tkUNJ4QYkU+seY6zwoknDC9LP0bApkQhA1abq0M+Ezp5Eepq4QQdRB+P2SZeVgai8YocZ9Z/hD2Ub1y72WnASSBUMsWkkY06fUbtwzoFXNkBb2cfn/xkb2n9t6BZ/QOpliG82uHU6O7kwb3llksZBZdnMhQKm/A8oBoM4DHrTKUvWTVvFxRPUtskOJgORbOOJzmcETL4sEo5W7veJXv/++RY/2m3/Fj0ANAdp66Z3qTfnzWxCO2VSSf4M/6pJt/1/fZkqkkz5Et/hfZVJOP/1/1/vm+n6yxjp8UarsVa/74pjToj/5BSV+KYZeomG3Dvmah8v9/d8WlPUUNsdcf/fzMoNUSm07+zf/G0LF5FE9E4Sh/abaR+G/ZJscBKm7Pec1WhBNe2lu6Kf/v5bFf+CxNxecNgDe/CJhqdzUdCUb3z2x2jxW/s81f9/yaMbJH9j4uTG8iEw/nkHvEtL8g7fT9T9T0v59+d5mfcHtMQz/M0z+MSYTc90G3fFAAWJ5L4f5+vsPvgC/OxKn58/F++v29qV+AFiuZhe+dgIvyt6FQ7x3nmwfmJgy6kEiHld75aAfgGa+cDS1KnVPn717fNGgM1uQfl/6bzgo3v10SP97/jsf76D56jn52hJNX9r+dszprzjVi7fG+SI4XzGtrdIpk9/Lk+8PTm9+eOnPO5nLuo4PxRDDyt69MZP+x7Dbfa0wfPM4mRIz1ZPxqIO6lfwjbdBo2kdhnHn3RfI5gSEQljTk6lC6T58E45j/FB9tqjnp6yeV+lY/lj4uYGiMjzeAnyudTNC/3wWleSTrv2TLhh7KbCDSHA48RKa/H/H/j+V9v8v+f+6H92AytDz/YJiw01fbzAYCDOUB0/7uQK7ffO1etSVcJCdDZRrpZ5bXO5j6cFtwfn6Pb0gcJKvP6ekr567G2dtVSiW3nyHryX1lP15G/xzQXEZa1E7mmQk0HmthxUbbPgacooRupc4XHwzeUkvLPEtpJfJUKOqPJPElfP5couD8UYwDTk65V3vKGPFcRADttnWvjA4CumX6E4c+2FcNbZ8crfuwV7YZPK+9c5EjRdU3y+TCJ6F3B5FUo83N15RinCf4VfCY4YlbOFz9MJjUeXENyPXzKMpr7/slFMBXJ//99pUT1x8D3z3Jmt2KS5vugfp4nKlNfZpo030vl6uQmgR7t3+F/4hKdrBAtuJ55ynKmZpnOzf3/fz+fyqKz88eXf+NGD8CQqp9H3uyiRH5rvRA5DVT4aBd62bKPq4UEfkyt6rt9EdzwSOR7lnAeZzekBbFqdbcBRbpcFvvhXjxdABuwGUOUVO+vW2uim7O5u8NzNVnYtTKbBhVaYx/lO2q+1WjWZ+W8a3ikmz6c1NhLslzKPrgNG1HKE+V9wVPEa92A/znj1ycNYCineRs8/ej7LZyGi4MvS2cvC7nRCMAGmndEJRIBt7PJ4amVWX5J3V6n5XEgPVGRjxe3PcIVn6NjkgyuJ7cJZnAQaghMVrwLSNja4eClDeMA1xz06KPMxDhkbr2xB+6JV4Jr2SC0/duEt8bI+WQ99GvYDUamH2Cp1rQDFeQSOQGmIor+U+QdhAZ9MISq5d5/rSMLJ68rr3o859bswWK4zCEyKK68EYLRzxUCPjXwXS4481y2io+beXh5BBY1Q072HOsWUj+vJLR4nCz5rpT/cH8ECPyn+1HyK8+zzjXGC0MyVmYKnyvBBsKPuvOCKdxrU+7RwWmaGRKD8G7hOaTV6wqTdotgBPMl2wHFaodb6AKBHbbg5bJ+B38w04fgo/RnESA2xSZOozlecXUeQGInaP4RKOU+YiORJ8f1B1mmADRGmGD7FoZVvBOOXQAILWIp0mjiFeA5feRP3z9myaVRboP+SCPR+eRUGxnZ56lgpw99Hep2/q2h3ihikU3TMCR1p00eZyqfaq+9Hd2Kwtu5OeVTOOhsCh7dJYTVGf3ljmNWio9e+U+Prc0OJVEZPFecNSwjy5lQRsdRcL18BN86ndFzCqfYIh0pejgB1Hh0pJNIJ3FLZ/T06lfTxRgCIRePRZmwEUYmCX6RBO4EqhHA7737PDRCHaOuJGtcslfVXzjvlQUbDIicU6EMkuwnzBaeX0YFTrtw3qElqmOCGWmgPNawYD0z/vYLTqy5LoDZ5zgFi0uoNh0l6m9Vuty9YXfA04YHXhVXp9/4kRgB4Bk/QarO424BWPz5cMKcdcTTTe8W8Z+AJRmbqWnfg5xo10cBpYaqwCIRIK375FuHBsKtybTlHQqQJ5R3gBexmOhR8OK8t9T5O24L+rglEEABRi5f1TYuJqhe6vHcmwtGa1F8KDVEsR8FW4vhHMqGch29RUqOvIhIjMemgybho1YKFLIzAYIiNhH9z4vRCMxFrZ/oH3K0LR+lI3cWbHAgkcKBmO/pB0Hn6TC8KWzBtRW6TNRO2r5dLhDJ6D7kb6yPq2UCtnXm/1gE7JCwCIa2WKKLShp37rbZ6fn39NuCkeSgOWdLUjHdEoHp7IqRpnXuw+U+3NVwVPOpp18+grCAlGuCtZmXW6KRJxBW/dvTKaolHgKy+Sl9Gf+ajzz1f3Rf0flvHWtzlcM1gA40t3rIrj+MEoKRwOiiS96w/uMBLnUvBeQFbwCHbxX6Dw+HHgd8e3wO/+a52tLNtkh7LIPhZmM8elvWuheu84hwto8/juUAslQ64xC+Zbues066g+4ZJcOcABxRXgkgqOBbnAUODMda4KSrhwSORRhiCrFQhok5yGq8O4gl9R64K396eNaIOgR/egFDOx8QvBqXlok6+HaNnSlviKH604DbncsmiWdpfk5YA7Bu331nvAWgqf3WeT64JPRGCp8e4+VVuOoDJC4DKN1ZhwDAZ6VL8QRyiaeMuvrkAcIIORLJ1sdJ/Lc65wr8p38n+NSKaPRwU9mFeWRFucfvBMRsjTYIQRXbgd8psDWyBuVZI5DJDU95EPtGMjx0YSQxF7R/tTr994+wT202Er0M0DMd/LOUwcinf+mYUKAD552eaqgxlKj7t7hGB4T7LkPk3NYCNJtCdTl9DNEa6sLO8+dXp8r5dS2RFR0hCpLoIKdZn+/HhZdboMUUV1Xymjhb/GJQ2yv80551mETDwDTGckh4gUJzgZUz58eWHo1k8Xp0YH2p5Rz1wfvEWSW0ffsAJY2O2vTh7i7iosl5NJJ6s5Hm8q8kzuhal+18NK31KYMlbVlxd4JJLkQr3Lj8ciquvfwsmR2tyJzEcXtE9Q13llcTLZr0tPUWD26ubmrvkEu3ggixK0XzHxnlPTqJubZRXoaVUuGpc2yjtGYyX/amrHqLz5l0EgT2K4Ub2q86/Fsl61xFHwGwTBl5x1R9CNSO9QVv78lk0ekir6f8iTtX2/wge10cxsEhVVHWC+cB1ztVfI6mmADnqVVRwGn2ckwF4XigqevCT1KrI8B6K6B9KK+VjO47Ynzwv7nEBU8r0DfFdlcWCKzxGoI565V8Hn9SZ9jJ1IHDeU7+T3QvtX7HpKcIhpNFoKd49Jbp+mZttIrzdHA7/nuQo9XlrvAgTmK61o3lWZpfb4JzEatn/Af2MWfeWcFmfoFby9n5L0zliLwK0orzniGH41fijz9MPc15LqZcogteHhND6lHGX7y53gBVULYDv6ikUTLqSJiXyO9npDdQyS4EkkVfTr++jU1VhaNQXRwpDDAgXuR6w+U+3O68tFC7NQXzpf4gJgSoDzy5sxwB8r3qSKKOetfR28bucZZt6qiUcNTKz6leRWUjntAxZpxtrg4vPFzAWxhHLEsvKK9HkjxLqgpEtbVOPvjAWhIYKH2GwR+SjxEuuSKXnXRngd8Ptx8CHZ7tXhEWxmd/J16MswGpZH3+8PSyOC72obhWSIdcB889+1CfiLQ5ECqkoC3ci2AC0mkKGUPZHhNY4rx5iQMUTvxFxhsOaURx16JL/wiTFZD08bHSLyJHBuIyWlXTvLJ7PPMoDsSLIVcqqQIGWXyJmcs3PQFNFraX7Odckkj0Fp3nODwCTPYGQyS0gGSdvEFT8+2svaKNn37rHSoybIQVvLOvbWWFJFsEVDjnh4Ed6wWQhRRkil9WijXGGST4iuEeozPdbAjCzUdfXBYiFdwNZGGB398BNxR6vbRQkSGhjIgmDEo76B6qR2Bewfq7kd7Pvmuzz1JrqnVmyPApno8AzGk0RtgIAkqwFXxEUqgnzndlsi9C95b1oCN2T6vX1gt4pcXKJI1bAZeVQs5+EivW6QxEd43TvjxAafoMH2tTIqcv3ylsRwNYPppKu9M2TQOzO2+lyWnBJZKR7fTTVeVc/isMJ+oJHWkKe/eBU58x6CpxHrz8II1lZR4HxHDSn/ea1F6l++PAgt3DcplxrAdCUW4Eu0mWla+qP8k0lqPYDspKG0RXqieOCuiE7SqKK7pBDwhSLVrjkleXZJA8ISjxPDaZ4hhuWIyA2/PASelDjvhXApL4UU03ZyeRckeCDpoXbAJVrrEaRw+g+JQ37716lVhR3FeCk5SKa4R5lbZ53PxQErkrZVelEZDA0My2lHTr41jpe4POeuwJS0jn8i88U5BhE8b2jU06/SK5hwIvHokwaAEsOBGa1epMhxaMKJzx4wXBY0/6cLbCPbPNYHMXBGks9BU/tHOC8e8EU/jzFGo7bPK0f0M/WKNcJi/XRjbuSViXufHxgws1XDbtVsgFkliKuQdUZ0WcsnvRPKPXhXVV/380IQpSQ9WisVgTGIzaP9MSNn31uXE5bXV71AYcbiICtu+7dN56ltCEFbZbAarSJ9nh7Mm+B9zk8p2bamCNPMwTwlEFptUeg/EXkMRMR6I72enyzaM+3GZ+0EjXXur92weBPAnKHrV/aBI8WH7tkjLTN2gNmpoNRh2iG5fyPXefcXTBeirykEpCx16rOVfOoLTjgYQWnrZ51rqGFgp+PgO4Id6yODJg90pke1hRrAO+UYD0N098DNKnV6nXVZX7iDFEcBM54kV5fPMod0P1g5XwLFblmJZ3bW/scSjieWSx9WvflvPHAYXuSzwb/RRRjG3JXNHnmUFbwDKAVKhRUA4nkXetTrW/EmDDkTDhp5sn5CeUO5km0leWBERwHLhe4DuIckvRLvX5hWCM8Dqqrz5PvKo7BUFfBgZijUB0GpnI/BoucrPlwNyM5gCGqmxo7qi5pBbEQWkgpI/AjfyBU/1kJ7HkK8YKnz1iP4Wb4zgmzZhzyknT5Ts7pLgNTChwEvni7FiWM7frEE7DMkcRMZdzb/5AXmiUDDAQxURY6qHUjZxD8E0dXjinDgd/QtDEuI4zFBj37kpqpELGRkDsTJTEYtX+A0rPgNDeg40GilatKVh8p+rVwHGTqX+6V+9o88/CW6eXM0feNO9hgg91nFbRsH6shoXTvGUkQx4+wEC7erGZXjPbW6fKfR7JBXrUdkL+PdIHOf3zqNxLGE2HaK6r5arc9YPS06/bEQumQR/R/feF6ktTyiPCOowzzM5NGPB8SpR9IE/eW8U56npWfeH8p/6euwcbqGC/TlEHN5acPYK/N70QQ2HUx4XabmuFxxHUhvcFD7GmoTokdvsD8Ncp+gCH90dqcCOxVE4OSR67JpeWBUpbbG0eajZZM7hp6PAKQeHhZOebgGuYRngqJ+49gAY3VgOfpGhI7uIVIsOAidbJcCAej77wD9dUoYhkO7DmIpIjgJZ0uvQiHyUbHbdkj614GQEdV2YQqwhx2+/CA6ejJsDufZ9gPn12g6ydTFo0tmF6v6C0rwRtHjf3BaSK71liUNTOs6jJzBV8ePHpK76qXZ5wEwRvcsP5q8BsBD6uDLVcQyUepFlCbIIkRPGhJbja3iCtsB23CPJSYPLO8BhF0xaCnsCqwFH1S+rImD9xNkWjM41qsJWtR3dQIrCzuGo3lKjoc/cisRYyfiHkVtI1fVsF2Xj0oY6Iip6QqzO0+AEV0VcFcrl7TgKPYAmRKY8D1C9E4tryhYOwk1T3CPFqxoiOIzYIKEoKZloRp9MJeK6Br8yrGmmZ8J5Zr8+C9rpYb15Vfi7CP2WIWjqGlqDL+lGkTx1NP1iXAyV6PWtSaRnVboqzFKA83gZFgyPsSpdHwkiPeKdSObVojtRgJ9HAkBLzhYLusjx0GtoUl6nikQ9TcpfFXm7BuH2LALnkYJD1xdcDddJuB3wS5u0ENkMP4KhMHmgrfC9J7dMyrJW06xSUj39yp2rPHYcClXCI1MVZRFTyPCXwwFs/TAi1h6CXyxI/HrL+sHL2AlWvF7gMdaOvsg/M3AT9SXwH6s1cHwq+VXScPV++4IYgOnPdjqaWZR6A+fGLQlu7eRmA+crVp+4tco/vmwqKfeMRcm4RbKFkUYYojwfaDu0vYUDR12/5N20AV9S+KOEuVh3PMpw1RQ7BL1ktsUvoRgqMZh2ecrZgqd/Z0VpwIxFR7AKfEdNxFmcvvAc04q4r5H5QyaXDK2cglNS+FfUSGNme5HyoSZ6KNISGIvZP1lyv311mHdA/hmc7KhbQHY7+dNDAcY+n2Fc6q6aq2xGcAVWlzwP+ww8Ka+0SQFVcocBA64ezsR69NuVRmGmez02RnWvWD71nZYObqATE+kD7VqZDa7ITbo5np9dft7Ygq+tprS7p4bGVCC2H3o679XjwkEkK11CqJSMnmVGZVmok0ocAyKUrIRyn5gVOjyV95YuAFH8bTT6rgR280J+26EazD4XKZES1bQ0jBbtjQHdi0YdSc2a92WBzbn3EIRZod6D29Dt0yKn4WORRC4Rh5ettiel9i5gNJ14BW9y2wUXqQ6WnmODAVqF3QHtuKHcPMzmJOFIomZHvLubPArAmG8pXhoJJ51jvzE2U1cA8DFyIEQlLSOdEOJ4Mq3aYnDwoyPpJKenKmQ0SJQJTA9pzMJ+B1+hAfv3rE23AHNzUtiDivK2YBCq8/SCcLV+F5q1jE2f6e2ACFJA0McmPcR+wEDSjr9+YT9pAVqGkhzah7sgCxL5J3PgDMMj4BBAjOzztWvAVrQzXGLo/WcAYgkfUYwjr72ArxmAmSiVQtwH8cIz4ZhD80JpeB5IbYenOqWEagJL3ZYeSGhe0fpf6Bae7QiANto4XlF9cAvzr9LJ8OtJ7plYEy+IcJskbRiE50K+BRY9hSQSdpupHHJsBrGAJAepKVL/imHrrIVmR7W7A1kcrWWSPVR2si4rLVEkFL5+TWw624YXwqPmxajsW1EH1Ttk90tadNQ4YLSNDbhwyRD6W9a9166HN8oIAzKuvHrzsV9c0y0ee5mRaz5223uAldAqXU2cvqKcaR8p0K3FUiL4ZNq377uISmVqBdBGeS1sBAnErWE5NkuIXLRD4HfnqIcFQLyzp7LYP+nLS07SFNYM8mOVtOgDAVlwdKgA6LyGAKkDuSCPcqXgChCobCDACO84JEPM+GJTDou5if7zfOabz9m4Gxs6sabBpyVBSO44U/ugVPE7oUTBxlJN2+pxR1g39TPr95ZMPEzj1+FN+8cw64CvbAY/vaS/C4pdR9eVuyRYUNdsOFLqR3PsqxftaDzju95d+ULWA3QjhefhCNERlwlE9NSrVglVmVixK/vWeIDp1zeESDEknC3DSOODz1muCotSISx1DDNgv5SqLtR28CJLkJQ9JJBy1c4iR0xExwpfA3VTROS6cpIhYv+FyT75vNScZh8FTdoma9UVNomuFOuaAh56anntm0WAEn9pJaJj4bSn0eSato6F63jUr9oePXEEFDH6Mjf50YHKvTFCTn13c86jtcdMNMhPEoE6wQoZKl1H5wuLPxpiE9muQnqj1Uafu90xWVHpeKeuzEy6bOXlP5/U4CDeEmwV+mVV11ivXgL/5oVPvC+q/lP86J2EX0T14IoISrRQysR8p2jqvQck5nzZOshoYvui3eAvv4RKojaQucyd5QgeAitNNvqTVJDPdCohckhJd02R4lD6e9+W/u8EvJUq+KmmGwcDZH/vPAu7DcswngiKZiwGZY5Hbzjd5GBzmZhGNmqdSGSfk7VsHqJS542mT7odwjWsB6shWQET8Sf9cwp1w/vaBmn6OGSZ56yVAYfXxbqbqmeGJZ+AcwtmcXvxQlAbf0WjJV5CxIe5IUSUItAafnQQrgjpVgOgBufil1lEO9nkavUlH377+U8iE2495XzYpe0vXL0owh4uvmW2G3A6VKEHSzb0K4bMto0qyBUdICRrigZ0lwCAaW4zFX94gSyuktkxGDlKfRGmvEfDCu0uSPxUm/2QuDEyH/6UQmxYiRbYxUu//9zT9fq82zSmeIo2lp1lWMDkw3wr/f3/VbwqdVr2xVo4MS6ki8qQaHI825WZXGoI0oXrrrFUsIexaLCDYODBMuEJ4bGrE6AWRfneLMZXiRwcK4eNWFfHguggDJIaPxK+NB3WzAHSUT4tXFT8iaZ/SbBg/rd9h/IOBtztmUwVDVU5K2rFlUg58RW4YcJGtNe7BgXiY6gWrId0NKdqz112LfpJ72wQFtrLvbF1Zab2wIV46xYua51g4vSvNg1M/mGMmfH27D4wyFIwbXUVMVNDwGvcyosmVnxJR94vJXSoJw6rjjanqzKiL3mrzXFSTCnKOiXzcd/Zu0u/oEvPqMQM6sHpahitKF04oBJBC10p6mpVdN9p4I4aphFPkm3kzBLD9+J1NeRrru5+JN8LRT4MS9LUM3n6nTk3/XE8n73vd0BDeu2Uu+lgUcqG+pKAO8RLlvLZW0qtemVYbfQju2C0NlWLaHTUClspC5XfcpTVDxMgMLguM1sDWky2DKvQ2JbUQkH124jaItulEAUTiVNMGzrpkk4ckBMNsEr2geN33zk1qUToB+BoZNl7pWmav7MuW4pR64+EG6Mjmnh8yBpoCNH+wTw3vd8g/hVWYelbg6LMuTuTt/bGkwUSaFsEKuF2Io6rGzKOlD/QTlsNLV7dmSO3jX5dA9zd5x0QwfsoZ1YW2jBMhcCVk9gXcLV2BDNx7svh6rFcmRs/Et40Q+72C+nWn9gwS9hGBQL2fplM0mtHvpkENFfARRWxvQn+3PJR9YMzMOMR1qDFw+w/qDBpsdQ9KfnMgrAgLpi6hc+XkXadKoBiTypN73QEHkHoFuDvazusAI0PAYkqTZMb3bzNq7SYF+ydytB3lJgahX++Rm5274hqUMmF+UOCGJpy6v5VjWWU19nhk1gsQkXol8XHd2avO1rF7jPWFThjDCkXEiD7fwAiA9mk2zN5HNgCvzb97Yh5DyMB8uOdXD/RghCimPEXwpxdcOS0GtiexFSlQ4exRbSdYKS6Eb3Nb4yOfslivYL+8RNK+3bHBitVI1eSYw4Tjln237UF6Wdb/bBHfjrBmWyr2xMaSMSt7q0X4aFFnRMbIUhuVPGBWW5k2lPLrjArm7tBdwUMkJM25A4xN4wwYJQJRHQ3uPji92AB0hBsK451d0AjHFoRcu1P8Ze59ARVzJVyoGNv0y3DLQCYP2h6mDtzzcmkiwJF51jgpExJhkk4ZsFZ8ybyeyGYOMxgwC49mruim5xk7lWbojV4t+FsmhWnte6vo+Fn07sEzcxVJ7fNIgVgdDc3O9NXkEbbB7Wg3Z+Jdx63I40mSP5Lhj0kMq6jaQ39pg6P4v0vu8lXXj3QfRTTrPREV4wftVx7EcbjtPAi7rFMZI1egJ+qNckk9JBeG8N/L3WwCs4bhWuBhYX0UqWOnvZHtEeLzmHau5vxuqxukWIy1wqENBShAeDVEuyYSi3xJ9XWSQJ6XgllN6hiadJPVwp3e3e5GldnH2wNnCNgr82O1s4aSzc81CkHyiDTVxYkSxjklMVlRCH4Eh40opkRYNU3GzYt5pefbASW986vaPhRCPuTyi17x2S7911m6ZruMjTfZR7Bck/E="`;
